// Jest Snapshot v1, https://goo.gl/fbAQLP

exports[`Hacker News app 1`] = `
ReactStatistics {
  "componentsEvaluated": 0,
  "evaluatedRootNodes": Array [],
  "inlinedComponents": 0,
  "optimizedNestedClosures": 0,
  "optimizedTrees": 0,
}
`;

exports[`Hacker News app 2`] = `
ReactStatistics {
  "componentsEvaluated": 0,
  "evaluatedRootNodes": Array [],
  "inlinedComponents": 0,
  "optimizedNestedClosures": 0,
  "optimizedTrees": 0,
}
`;

exports[`Hacker News app 3`] = `
ReactStatistics {
  "componentsEvaluated": 0,
  "evaluatedRootNodes": Array [],
  "inlinedComponents": 0,
  "optimizedNestedClosures": 0,
  "optimizedTrees": 0,
}
`;

exports[`Hacker News app 4`] = `
ReactStatistics {
  "componentsEvaluated": 0,
  "evaluatedRootNodes": Array [],
  "inlinedComponents": 0,
  "optimizedNestedClosures": 0,
  "optimizedTrees": 0,
}
`;
